// Jest Snapshot v1, https://goo.gl/fbAQLP

exports[`plugin in a stock JBrowse 1`] = `undefined`;

exports[`plugin in a stock JBrowse 2`] = `undefined`;
